// Jest Snapshot v1, https://goo.gl/fbAQLP

exports[`logs results correctly 1`] = `
Array [
  Object {
    "level": "info",
    "source": "inject-peer-dependencies",
    "things": Array [
      "Injected dependency",
      "number-is-nan@1.0.0",
    ],
  },
  Object {
    "level": "warn",
    "source": "inject-peer-dependencies",
    "things": Array [
      "Failed to resolve dependency",
      "missing-dep",
      "with error:",
      [Error: Cannot find module 'missing-dep/package.json' from '/Users/ivan/Liferay/Javascript/liferay-npm-build-tools/packages/liferay-npm-bundler-plugin-inject-peer-dependencies/src/__tests__/project/node_modules/pkg-for-logs'],
    ],
  },
]
`;
